// Jest Snapshot v1, https://goo.gl/fbAQLP

exports[`ProjectContainer should match the snapshot 1`] = `
<Fragment>
  <Project
    info={
      Object {
        "name": "PROJECT 1",
        "palettes": Array [
          Object {
            "colors": Array [
              Object {
                "color": "white",
                "locked": false,
              },
              Object {
                "color": "blue",
                "locked": false,
              },
              Object {
                "color": "red",
                "locked": false,
              },
              Object {
                "color": "orange",
                "locked": false,
              },
              Object {
                "color": "rebeccapurple",
                "locked": false,
              },
            ],
            "name": "NUMBAH1",
          },
        ],
      }
    }
  />
</Fragment>
`;
