// Jest Snapshot v1, https://goo.gl/fbAQLP

exports[`Header should match the snapshot 1`] = `
<header
  className="App-header"
>
  <img
    alt="logo"
    className="App-logo"
    src="logo.svg"
  />
  <p>
    Colin and Nick's Color Party
  </p>
  <img
    alt="logo"
    className="App-logo"
    src="logo.svg"
  />
</header>
`;
